// Jest Snapshot v1, https://goo.gl/fbAQLP

exports[`SearchResults component renders correctly when passed props 1`] = `
<div
  className="search-results-container"
>
  <p>
    There are currently 
    254
     "
    node react
    " jobs in
     
     
    london
  </p>
</div>
`;
